127.0.0.1 - - [13/Sep/2024:09:09:47 +0900] "GET / HTTP/1.1" 404 807
0:0:0:0:0:0:0:1 - - [13/Sep/2024:09:10:07 +0900] "GET /spring/board/ HTTP/1.1" 404 721
0:0:0:0:0:0:0:1 - - [13/Sep/2024:09:10:10 +0900] "GET /spring/board/ HTTP/1.1" 404 721
0:0:0:0:0:0:0:1 - - [13/Sep/2024:09:10:12 +0900] "GET /spring/ HTTP/1.1" 200 6123
0:0:0:0:0:0:0:1 - - [13/Sep/2024:09:10:17 +0900] "GET /spring/board/list HTTP/1.1" 200 11392
127.0.0.1 - - [13/Sep/2024:09:22:34 +0900] "GET / HTTP/1.1" 404 807
0:0:0:0:0:0:0:1 - - [13/Sep/2024:09:22:39 +0900] "GET /spring/board/list HTTP/1.1" 200 11392
0:0:0:0:0:0:0:1 - - [13/Sep/2024:09:22:42 +0900] "GET /spring/board/list HTTP/1.1" 200 11392
0:0:0:0:0:0:0:1 - - [13/Sep/2024:09:22:42 +0900] "GET /spring/board/list HTTP/1.1" 200 11392
0:0:0:0:0:0:0:1 - - [13/Sep/2024:09:22:43 +0900] "GET /spring/board/list HTTP/1.1" 200 11392
0:0:0:0:0:0:0:1 - - [13/Sep/2024:09:22:48 +0900] "POST /spring/member/login HTTP/1.1" 302 -
0:0:0:0:0:0:0:1 - - [13/Sep/2024:09:22:48 +0900] "GET /spring/ HTTP/1.1" 200 6113
0:0:0:0:0:0:0:1 - - [13/Sep/2024:09:22:49 +0900] "GET /spring/board/list HTTP/1.1" 200 11508
127.0.0.1 - - [13/Sep/2024:09:23:24 +0900] "GET / HTTP/1.1" 404 807
0:0:0:0:0:0:0:1 - - [13/Sep/2024:09:23:26 +0900] "GET /spring/board/list HTTP/1.1" 200 11392
0:0:0:0:0:0:0:1 - - [13/Sep/2024:09:23:27 +0900] "GET /spring/board/list HTTP/1.1" 200 11392
0:0:0:0:0:0:0:1 - - [13/Sep/2024:09:23:27 +0900] "GET /spring/board/list HTTP/1.1" 200 11392
0:0:0:0:0:0:0:1 - - [13/Sep/2024:09:23:36 +0900] "GET /spring/board/list HTTP/1.1" 200 11392
0:0:0:0:0:0:0:1 - - [13/Sep/2024:09:23:39 +0900] "GET /spring/board/list HTTP/1.1" 200 11392
0:0:0:0:0:0:0:1 - - [13/Sep/2024:09:23:40 +0900] "GET /spring/board/list HTTP/1.1" 200 11392
0:0:0:0:0:0:0:1 - - [13/Sep/2024:09:23:40 +0900] "GET /spring/board/list HTTP/1.1" 200 11392
127.0.0.1 - - [13/Sep/2024:09:24:44 +0900] "GET / HTTP/1.1" 404 807
0:0:0:0:0:0:0:1 - - [13/Sep/2024:09:24:56 +0900] "GET /spring/board/list HTTP/1.1" 200 11785
127.0.0.1 - - [13/Sep/2024:09:25:47 +0900] "GET / HTTP/1.1" 404 807
0:0:0:0:0:0:0:1 - - [13/Sep/2024:09:25:50 +0900] "GET /spring/board/list HTTP/1.1" 200 11785
127.0.0.1 - - [13/Sep/2024:09:29:06 +0900] "GET / HTTP/1.1" 404 807
0:0:0:0:0:0:0:1 - - [13/Sep/2024:09:29:08 +0900] "GET /spring/board/list HTTP/1.1" 200 11854
0:0:0:0:0:0:0:1 - - [13/Sep/2024:09:29:13 +0900] "GET /spring/board/list HTTP/1.1" 200 11854
0:0:0:0:0:0:0:1 - - [13/Sep/2024:09:29:14 +0900] "GET /spring/board/detail HTTP/1.1" 200 9256
127.0.0.1 - - [13/Sep/2024:09:31:16 +0900] "GET / HTTP/1.1" 404 807
0:0:0:0:0:0:0:1 - - [13/Sep/2024:09:31:18 +0900] "GET /spring/board/detail HTTP/1.1" 200 9256
0:0:0:0:0:0:0:1 - - [13/Sep/2024:09:31:18 +0900] "GET /spring/board/detail HTTP/1.1" 200 9256
0:0:0:0:0:0:0:1 - - [13/Sep/2024:09:31:22 +0900] "GET /spring/board/list HTTP/1.1" 200 11842
0:0:0:0:0:0:0:1 - - [13/Sep/2024:09:31:23 +0900] "GET /spring/board/detail HTTP/1.1" 200 9256
0:0:0:0:0:0:0:1 - - [13/Sep/2024:09:32:21 +0900] "GET /spring/board/detail HTTP/1.1" 200 9256
0:0:0:0:0:0:0:1 - - [13/Sep/2024:09:35:38 +0900] "GET /spring/board/detail HTTP/1.1" 200 9256
127.0.0.1 - - [13/Sep/2024:09:37:34 +0900] "GET / HTTP/1.1" 404 807
0:0:0:0:0:0:0:1 - - [13/Sep/2024:09:37:34 +0900] "GET /spring/board/detail HTTP/1.1" 200 9256
0:0:0:0:0:0:0:1 - - [13/Sep/2024:09:37:40 +0900] "GET /spring/board/list HTTP/1.1" 200 11929
0:0:0:0:0:0:0:1 - - [13/Sep/2024:09:37:40 +0900] "GET /spring/board/list HTTP/1.1" 200 11929
0:0:0:0:0:0:0:1 - - [13/Sep/2024:09:37:41 +0900] "GET /spring/board/detail?bno=15 HTTP/1.1" 200 9256
0:0:0:0:0:0:0:1 - - [13/Sep/2024:09:37:46 +0900] "GET /spring/board/list HTTP/1.1" 200 11929
0:0:0:0:0:0:0:1 - - [13/Sep/2024:09:37:48 +0900] "GET /spring/board/detail?bno=12 HTTP/1.1" 200 9256
0:0:0:0:0:0:0:1 - - [13/Sep/2024:09:39:28 +0900] "GET /spring/board/detail?bno=12 HTTP/1.1" 200 9256
127.0.0.1 - - [13/Sep/2024:10:46:10 +0900] "GET / HTTP/1.1" 404 807
0:0:0:0:0:0:0:1 - - [13/Sep/2024:10:46:16 +0900] "GET /spring/board/ HTTP/1.1" 404 721
0:0:0:0:0:0:0:1 - - [13/Sep/2024:10:46:17 +0900] "GET /spring/board/ HTTP/1.1" 404 721
0:0:0:0:0:0:0:1 - - [13/Sep/2024:10:46:18 +0900] "GET /spring/board/ HTTP/1.1" 404 721
0:0:0:0:0:0:0:1 - - [13/Sep/2024:10:46:19 +0900] "GET /spring/board/ HTTP/1.1" 404 721
0:0:0:0:0:0:0:1 - - [13/Sep/2024:10:46:19 +0900] "GET /spring/board/ HTTP/1.1" 404 721
0:0:0:0:0:0:0:1 - - [13/Sep/2024:10:46:19 +0900] "GET /spring/board/ HTTP/1.1" 404 721
127.0.0.1 - - [13/Sep/2024:10:46:39 +0900] "GET / HTTP/1.1" 404 807
0:0:0:0:0:0:0:1 - - [13/Sep/2024:10:46:49 +0900] "GET /spring/board/ HTTP/1.1" 404 721
0:0:0:0:0:0:0:1 - - [13/Sep/2024:10:46:52 +0900] "GET /spring/ HTTP/1.1" 200 6123
0:0:0:0:0:0:0:1 - - [13/Sep/2024:10:46:56 +0900] "GET /spring/board/list HTTP/1.1" 200 12184
0:0:0:0:0:0:0:1 - - [13/Sep/2024:10:47:05 +0900] "GET /spring/board/list HTTP/1.1" 200 12184
0:0:0:0:0:0:0:1 - - [13/Sep/2024:10:47:14 +0900] "GET /spring/board/list?cpage=2 HTTP/1.1" 200 12125
0:0:0:0:0:0:0:1 - - [13/Sep/2024:10:47:15 +0900] "GET /spring/board/list?cpage=1 HTTP/1.1" 200 12184
0:0:0:0:0:0:0:1 - - [13/Sep/2024:10:47:22 +0900] "GET /spring/board/list?cpage=1 HTTP/1.1" 200 12184
0:0:0:0:0:0:0:1 - - [13/Sep/2024:10:47:23 +0900] "GET /spring/board/list?cpage=1 HTTP/1.1" 200 12184
0:0:0:0:0:0:0:1 - - [13/Sep/2024:10:47:23 +0900] "GET /spring/board/list?cpage=1 HTTP/1.1" 200 12184
0:0:0:0:0:0:0:1 - - [13/Sep/2024:10:47:26 +0900] "GET /spring/ HTTP/1.1" 200 6123
0:0:0:0:0:0:0:1 - - [13/Sep/2024:10:47:27 +0900] "GET /spring/ HTTP/1.1" 200 6123
0:0:0:0:0:0:0:1 - - [13/Sep/2024:10:47:28 +0900] "GET /spring/ HTTP/1.1" 200 6123
0:0:0:0:0:0:0:1 - - [13/Sep/2024:10:47:28 +0900] "GET /spring/ HTTP/1.1" 200 6123
0:0:0:0:0:0:0:1 - - [13/Sep/2024:10:47:28 +0900] "GET /spring/ HTTP/1.1" 200 6123
0:0:0:0:0:0:0:1 - - [13/Sep/2024:10:47:30 +0900] "POST /spring/member/login HTTP/1.1" 302 -
0:0:0:0:0:0:0:1 - - [13/Sep/2024:10:47:30 +0900] "GET /spring/ HTTP/1.1" 200 6113
0:0:0:0:0:0:0:1 - - [13/Sep/2024:10:47:31 +0900] "GET /spring/board/list HTTP/1.1" 200 12300
127.0.0.1 - - [13/Sep/2024:10:48:55 +0900] "GET / HTTP/1.1" 404 807
0:0:0:0:0:0:0:1 - - [13/Sep/2024:10:49:04 +0900] "GET /spring/board/list HTTP/1.1" 200 12184
0:0:0:0:0:0:0:1 - - [13/Sep/2024:10:49:04 +0900] "GET /spring/board/list HTTP/1.1" 200 12184
0:0:0:0:0:0:0:1 - - [13/Sep/2024:10:49:05 +0900] "GET /spring/board/list HTTP/1.1" 200 12184
0:0:0:0:0:0:0:1 - - [13/Sep/2024:10:49:08 +0900] "POST /spring/member/login HTTP/1.1" 302 -
0:0:0:0:0:0:0:1 - - [13/Sep/2024:10:49:08 +0900] "GET /spring/ HTTP/1.1" 200 6113
0:0:0:0:0:0:0:1 - - [13/Sep/2024:10:49:10 +0900] "GET /spring/board/list HTTP/1.1" 200 12300
127.0.0.1 - - [13/Sep/2024:10:50:53 +0900] "GET / HTTP/1.1" 404 807
0:0:0:0:0:0:0:1 - - [13/Sep/2024:10:50:56 +0900] "GET /spring/board/list HTTP/1.1" 200 12178
0:0:0:0:0:0:0:1 - - [13/Sep/2024:10:51:06 +0900] "GET /spring/board/detail?bno=13 HTTP/1.1" 500 18355
0:0:0:0:0:0:0:1 - - [13/Sep/2024:10:51:08 +0900] "GET /spring/board/detail?bno=13 HTTP/1.1" 500 18355
127.0.0.1 - - [13/Sep/2024:10:52:58 +0900] "GET / HTTP/1.1" 404 807
0:0:0:0:0:0:0:1 - - [13/Sep/2024:10:52:59 +0900] "GET /spring/board/detail?bno=13 HTTP/1.1" 500 18355
127.0.0.1 - - [13/Sep/2024:10:53:02 +0900] "GET /spring/board/detail?bno=13 HTTP/1.1" 500 18355
127.0.0.1 - - [13/Sep/2024:10:53:03 +0900] "GET /spring/board/detail?bno=13 HTTP/1.1" 500 18355
0:0:0:0:0:0:0:1 - - [13/Sep/2024:10:53:08 +0900] "GET /spring/board HTTP/1.1" 404 721
0:0:0:0:0:0:0:1 - - [13/Sep/2024:10:53:12 +0900] "GET /spring/ HTTP/1.1" 200 6123
0:0:0:0:0:0:0:1 - - [13/Sep/2024:10:53:14 +0900] "GET /spring/board/list HTTP/1.1" 200 12178
127.0.0.1 - - [13/Sep/2024:10:53:43 +0900] "GET / HTTP/1.1" 404 807
127.0.0.1 - - [13/Sep/2024:11:01:05 +0900] "GET / HTTP/1.1" 404 807
0:0:0:0:0:0:0:1 - - [13/Sep/2024:11:04:51 +0900] "GET /spring/board/list HTTP/1.1" 200 12178
127.0.0.1 - - [13/Sep/2024:11:07:09 +0900] "GET / HTTP/1.1" 404 807
127.0.0.1 - - [13/Sep/2024:11:10:18 +0900] "GET / HTTP/1.1" 404 807
0:0:0:0:0:0:0:1 - - [13/Sep/2024:11:10:22 +0900] "GET /spring/board/list HTTP/1.1" 200 12175
127.0.0.1 - - [13/Sep/2024:11:10:40 +0900] "GET / HTTP/1.1" 404 807
0:0:0:0:0:0:0:1 - - [13/Sep/2024:11:13:47 +0900] "GET /spring/board/detail?bno=15 HTTP/1.1" 500 8206
0:0:0:0:0:0:0:1 - - [13/Sep/2024:11:13:47 +0900] "GET /spring/board/detail?bno=15 HTTP/1.1" 500 18355
0:0:0:0:0:0:0:1 - - [13/Sep/2024:11:13:53 +0900] "GET /spring/board/detail?bno=15 HTTP/1.1" 500 18355
0:0:0:0:0:0:0:1 - - [13/Sep/2024:11:14:08 +0900] "GET /spring/ HTTP/1.1" 200 6123
0:0:0:0:0:0:0:1 - - [13/Sep/2024:11:14:11 +0900] "GET /spring/board/list HTTP/1.1" 200 12173
0:0:0:0:0:0:0:1 - - [13/Sep/2024:11:14:12 +0900] "GET /spring/board/detail?bno=15 HTTP/1.1" 500 18355
127.0.0.1 - - [13/Sep/2024:11:16:31 +0900] "GET / HTTP/1.1" 404 807
0:0:0:0:0:0:0:1 - - [13/Sep/2024:11:16:33 +0900] "GET /spring/board/detail?bno=15 HTTP/1.1" 500 18355
127.0.0.1 - - [13/Sep/2024:11:17:07 +0900] "GET / HTTP/1.1" 404 807
0:0:0:0:0:0:0:1 - - [13/Sep/2024:11:17:09 +0900] "GET /spring/board/detail?bno=15 HTTP/1.1" 404 844
0:0:0:0:0:0:0:1 - - [13/Sep/2024:11:17:11 +0900] "GET /spring/board/detail?bno=15 HTTP/1.1" 404 844
0:0:0:0:0:0:0:1 - - [13/Sep/2024:11:17:15 +0900] "GET /spring/board/detail HTTP/1.1" 500 4542
0:0:0:0:0:0:0:1 - - [13/Sep/2024:11:17:20 +0900] "GET /spring/board/ HTTP/1.1" 404 721
0:0:0:0:0:0:0:1 - - [13/Sep/2024:11:17:22 +0900] "GET /spring/board HTTP/1.1" 404 721
0:0:0:0:0:0:0:1 - - [13/Sep/2024:11:17:25 +0900] "GET /spring/ HTTP/1.1" 200 6123
0:0:0:0:0:0:0:1 - - [13/Sep/2024:11:17:28 +0900] "POST /spring/member/login HTTP/1.1" 302 -
0:0:0:0:0:0:0:1 - - [13/Sep/2024:11:17:28 +0900] "GET /spring/ HTTP/1.1" 200 6113
0:0:0:0:0:0:0:1 - - [13/Sep/2024:11:17:28 +0900] "GET /spring/board/list HTTP/1.1" 200 12289
0:0:0:0:0:0:0:1 - - [13/Sep/2024:11:17:29 +0900] "GET /spring/board/detail?bno=15 HTTP/1.1" 404 844
0:0:0:0:0:0:0:1 - - [13/Sep/2024:11:18:05 +0900] "GET /spring/board/detail?bno=15 HTTP/1.1" 404 844
0:0:0:0:0:0:0:1 - - [13/Sep/2024:11:18:09 +0900] "GET /spring/ HTTP/1.1" 200 6113
0:0:0:0:0:0:0:1 - - [13/Sep/2024:11:18:11 +0900] "GET /spring/ HTTP/1.1" 200 6113
0:0:0:0:0:0:0:1 - - [13/Sep/2024:11:18:12 +0900] "GET /spring/ HTTP/1.1" 200 6113
0:0:0:0:0:0:0:1 - - [13/Sep/2024:11:18:12 +0900] "GET /spring/ HTTP/1.1" 200 6113
0:0:0:0:0:0:0:1 - - [13/Sep/2024:11:18:13 +0900] "GET /spring/board/list HTTP/1.1" 200 12290
0:0:0:0:0:0:0:1 - - [13/Sep/2024:11:18:13 +0900] "GET /spring/board/detail?bno=15 HTTP/1.1" 404 844
127.0.0.1 - - [13/Sep/2024:11:20:17 +0900] "GET / HTTP/1.1" 404 807
0:0:0:0:0:0:0:1 - - [13/Sep/2024:11:20:19 +0900] "GET /spring/board/detail?bno=15 HTTP/1.1" 200 9442
0:0:0:0:0:0:0:1 - - [13/Sep/2024:11:20:29 +0900] "GET /spring/board/detail?bno=15 HTTP/1.1" 200 9442
0:0:0:0:0:0:0:1 - - [13/Sep/2024:11:20:31 +0900] "GET /spring/board/list HTTP/1.1" 200 12174
0:0:0:0:0:0:0:1 - - [13/Sep/2024:11:20:33 +0900] "GET /spring/board/detail?bno=15 HTTP/1.1" 200 9442
0:0:0:0:0:0:0:1 - - [13/Sep/2024:11:20:37 +0900] "GET /spring/board/detail?bno=15 HTTP/1.1" 200 9442
0:0:0:0:0:0:0:1 - - [13/Sep/2024:11:20:50 +0900] "GET /spring/board/list HTTP/1.1" 200 12174
0:0:0:0:0:0:0:1 - - [13/Sep/2024:11:20:54 +0900] "POST /spring/member/login HTTP/1.1" 302 -
0:0:0:0:0:0:0:1 - - [13/Sep/2024:11:20:54 +0900] "GET /spring/ HTTP/1.1" 200 6113
0:0:0:0:0:0:0:1 - - [13/Sep/2024:11:20:55 +0900] "GET /spring/board/list HTTP/1.1" 200 12290
0:0:0:0:0:0:0:1 - - [13/Sep/2024:11:20:57 +0900] "GET /spring/board/detail?bno=12 HTTP/1.1" 200 9503
0:0:0:0:0:0:0:1 - - [13/Sep/2024:11:21:05 +0900] "GET /spring/board/detail?bno=11 HTTP/1.1" 200 9503
0:0:0:0:0:0:0:1 - - [13/Sep/2024:11:21:10 +0900] "GET /spring/board/list?cpage=2 HTTP/1.1" 200 12230
0:0:0:0:0:0:0:1 - - [13/Sep/2024:11:21:12 +0900] "GET /spring/board/list?cpage=3 HTTP/1.1" 200 12294
0:0:0:0:0:0:0:1 - - [13/Sep/2024:11:21:13 +0900] "GET /spring/board/detail?bno=2 HTTP/1.1" 200 9454
0:0:0:0:0:0:0:1 - - [13/Sep/2024:11:21:16 +0900] "GET /spring/board/enrollForm HTTP/1.1" 200 8100
0:0:0:0:0:0:0:1 - - [13/Sep/2024:11:21:24 +0900] "POST /spring/board/insert HTTP/1.1" 302 -
0:0:0:0:0:0:0:1 - - [13/Sep/2024:11:21:24 +0900] "GET /spring/board/list HTTP/1.1" 200 12526
0:0:0:0:0:0:0:1 - - [13/Sep/2024:11:21:26 +0900] "GET /spring/board/detail?bno=16 HTTP/1.1" 500 5750
127.0.0.1 - - [13/Sep/2024:11:23:04 +0900] "GET / HTTP/1.1" 404 807
0:0:0:0:0:0:0:1 - - [13/Sep/2024:11:23:27 +0900] "GET /spring/ HTTP/1.1" 200 6123
0:0:0:0:0:0:0:1 - - [13/Sep/2024:11:23:29 +0900] "GET /spring/board/list HTTP/1.1" 200 12335
0:0:0:0:0:0:0:1 - - [13/Sep/2024:11:23:32 +0900] "GET /spring/board/detail?bno=16 HTTP/1.1" 500 5749
127.0.0.1 - - [13/Sep/2024:11:25:41 +0900] "GET / HTTP/1.1" 404 807
0:0:0:0:0:0:0:1 - - [13/Sep/2024:11:25:43 +0900] "GET /spring/board/detail?bno=16 HTTP/1.1" 200 9460
0:0:0:0:0:0:0:1 - - [13/Sep/2024:11:25:45 +0900] "GET /spring//resources/uploadFiles/2024091311212352347.class HTTP/1.1" 200 418
127.0.0.1 - - [13/Sep/2024:11:28:03 +0900] "GET / HTTP/1.1" 404 807
0:0:0:0:0:0:0:1 - - [13/Sep/2024:11:28:05 +0900] "GET /spring/board/detail?bno=16 HTTP/1.1" 200 9352
0:0:0:0:0:0:0:1 - - [13/Sep/2024:11:28:10 +0900] "POST /spring/member/login HTTP/1.1" 200 6493
0:0:0:0:0:0:0:1 - - [13/Sep/2024:11:28:12 +0900] "GET /spring/board/list HTTP/1.1" 200 12335
0:0:0:0:0:0:0:1 - - [13/Sep/2024:11:28:15 +0900] "POST /spring/member/login HTTP/1.1" 302 -
0:0:0:0:0:0:0:1 - - [13/Sep/2024:11:28:15 +0900] "GET /spring/ HTTP/1.1" 200 6113
0:0:0:0:0:0:0:1 - - [13/Sep/2024:11:28:16 +0900] "GET /spring/board/list HTTP/1.1" 200 12451
0:0:0:0:0:0:0:1 - - [13/Sep/2024:11:28:17 +0900] "GET /spring/board/detail?bno=16 HTTP/1.1" 200 9481
0:0:0:0:0:0:0:1 - - [13/Sep/2024:11:29:05 +0900] "GET /spring/board/list HTTP/1.1" 200 12451
0:0:0:0:0:0:0:1 - - [13/Sep/2024:11:29:06 +0900] "GET /spring/board/detail?bno=14 HTTP/1.1" 200 9435
0:0:0:0:0:0:0:1 - - [13/Sep/2024:11:29:10 +0900] "GET /spring/board/detail?bno=13 HTTP/1.1" 200 9371
0:0:0:0:0:0:0:1 - - [13/Sep/2024:11:31:39 +0900] "GET /spring/board/list HTTP/1.1" 200 12451
0:0:0:0:0:0:0:1 - - [13/Sep/2024:11:31:41 +0900] "GET /spring/board/detail?bno=16 HTTP/1.1" 200 9498
0:0:0:0:0:0:0:1 - - [13/Sep/2024:11:31:42 +0900] "GET /spring/board/updateForm?bno=16 HTTP/1.1" 404 721
0:0:0:0:0:0:0:1 - - [13/Sep/2024:11:43:13 +0900] "GET /spring/board/updateForm?bno=16 HTTP/1.1" 404 721
0:0:0:0:0:0:0:1 - - [13/Sep/2024:11:43:17 +0900] "GET /spring/board/ HTTP/1.1" 404 721
127.0.0.1 - - [13/Sep/2024:11:43:26 +0900] "GET / HTTP/1.1" 404 807
0:0:0:0:0:0:0:1 - - [13/Sep/2024:11:43:26 +0900] "GET /spring/ HTTP/1.1" 200 6123
0:0:0:0:0:0:0:1 - - [13/Sep/2024:11:43:33 +0900] "POST /spring/member/login HTTP/1.1" 302 -
0:0:0:0:0:0:0:1 - - [13/Sep/2024:11:43:33 +0900] "POST /spring/member/login HTTP/1.1" 302 -
0:0:0:0:0:0:0:1 - - [13/Sep/2024:11:43:33 +0900] "GET /spring/ HTTP/1.1" 200 6113
0:0:0:0:0:0:0:1 - - [13/Sep/2024:11:43:34 +0900] "GET /spring/board/list HTTP/1.1" 200 12451
0:0:0:0:0:0:0:1 - - [13/Sep/2024:11:43:36 +0900] "GET /spring/board/detail?bno=16 HTTP/1.1" 200 10046
0:0:0:0:0:0:0:1 - - [13/Sep/2024:11:43:39 +0900] "POST /spring/board/updateForm HTTP/1.1" 404 721
0:0:0:0:0:0:0:1 - - [13/Sep/2024:11:44:40 +0900] "POST /spring/board/updateForm HTTP/1.1" 404 721
0:0:0:0:0:0:0:1 - - [13/Sep/2024:11:45:30 +0900] "POST /spring/board/updateForm HTTP/1.1" 404 721
0:0:0:0:0:0:0:1 - - [13/Sep/2024:11:45:47 +0900] "GET /spring/board/detail?bno=16 HTTP/1.1" 200 10046
0:0:0:0:0:0:0:1 - - [13/Sep/2024:11:45:48 +0900] "POST /spring/board/delete HTTP/1.1" 404 721
0:0:0:0:0:0:0:1 - - [13/Sep/2024:11:45:51 +0900] "POST /spring/board/delete HTTP/1.1" 404 721
0:0:0:0:0:0:0:1 - - [13/Sep/2024:11:45:53 +0900] "POST /spring/board/updateForm HTTP/1.1" 404 721
127.0.0.1 - - [13/Sep/2024:11:49:41 +0900] "GET / HTTP/1.1" 404 807
127.0.0.1 - - [13/Sep/2024:12:13:25 +0900] "GET / HTTP/1.1" 404 807
0:0:0:0:0:0:0:1 - - [13/Sep/2024:12:13:32 +0900] "POST /spring/board/updateForm HTTP/1.1" 200 8436
0:0:0:0:0:0:0:1 - - [13/Sep/2024:12:13:44 +0900] "POST /spring/member/login HTTP/1.1" 302 -
0:0:0:0:0:0:0:1 - - [13/Sep/2024:12:13:44 +0900] "GET /spring/ HTTP/1.1" 200 6113
0:0:0:0:0:0:0:1 - - [13/Sep/2024:12:13:45 +0900] "GET /spring/board/list HTTP/1.1" 200 12451
0:0:0:0:0:0:0:1 - - [13/Sep/2024:12:13:46 +0900] "GET /spring/board/detail?bno=16 HTTP/1.1" 200 10037
0:0:0:0:0:0:0:1 - - [13/Sep/2024:12:13:48 +0900] "POST /spring/board/updateForm HTTP/1.1" 200 8426
127.0.0.1 - - [13/Sep/2024:12:16:38 +0900] "GET / HTTP/1.1" 404 807
0:0:0:0:0:0:0:1 - - [13/Sep/2024:12:16:41 +0900] "POST /spring/board/updateForm HTTP/1.1" 200 8401
127.0.0.1 - - [13/Sep/2024:12:30:12 +0900] "GET / HTTP/1.1" 404 807
0:0:0:0:0:0:0:1 - - [13/Sep/2024:12:30:15 +0900] "POST /spring/board/updateForm HTTP/1.1" 200 8715
127.0.0.1 - - [13/Sep/2024:12:32:47 +0900] "GET / HTTP/1.1" 404 807
0:0:0:0:0:0:0:1 - - [13/Sep/2024:12:34:52 +0900] "POST /spring/board/updateForm HTTP/1.1" 200 8779
0:0:0:0:0:0:0:1 - - [13/Sep/2024:12:34:58 +0900] "POST /spring/member/login HTTP/1.1" 302 -
0:0:0:0:0:0:0:1 - - [13/Sep/2024:12:34:58 +0900] "GET /spring/ HTTP/1.1" 200 6113
0:0:0:0:0:0:0:1 - - [13/Sep/2024:12:34:59 +0900] "GET /spring/board/list HTTP/1.1" 200 12451
0:0:0:0:0:0:0:1 - - [13/Sep/2024:12:35:00 +0900] "GET /spring/board/detail?bno=16 HTTP/1.1" 200 10037
0:0:0:0:0:0:0:1 - - [13/Sep/2024:12:39:27 +0900] "POST /spring/board/updateForm HTTP/1.1" 200 8834
127.0.0.1 - - [13/Sep/2024:12:44:01 +0900] "GET / HTTP/1.1" 404 807
0:0:0:0:0:0:0:1 - - [13/Sep/2024:12:44:02 +0900] "POST /spring/board/updateForm HTTP/1.1" 200 8844
0:0:0:0:0:0:0:1 - - [13/Sep/2024:12:44:06 +0900] "POST /spring/member/login HTTP/1.1" 302 -
0:0:0:0:0:0:0:1 - - [13/Sep/2024:12:44:06 +0900] "GET /spring/ HTTP/1.1" 200 6113
0:0:0:0:0:0:0:1 - - [13/Sep/2024:12:44:07 +0900] "GET /spring/board/list HTTP/1.1" 200 12452
0:0:0:0:0:0:0:1 - - [13/Sep/2024:12:44:09 +0900] "GET /spring/board/detail?bno=16 HTTP/1.1" 200 10037
0:0:0:0:0:0:0:1 - - [13/Sep/2024:12:44:12 +0900] "POST /spring/board/updateForm HTTP/1.1" 200 8834
0:0:0:0:0:0:0:1 - - [13/Sep/2024:12:44:27 +0900] "POST /spring/board/update HTTP/1.1" 404 721
0:0:0:0:0:0:0:1 - - [13/Sep/2024:12:45:06 +0900] "POST /spring/board/update HTTP/1.1" 404 721
0:0:0:0:0:0:0:1 - - [13/Sep/2024:12:45:09 +0900] "POST /spring/board/update HTTP/1.1" 404 721
127.0.0.1 - - [13/Sep/2024:12:46:06 +0900] "GET / HTTP/1.1" 404 807
0:0:0:0:0:0:0:1 - - [13/Sep/2024:12:46:09 +0900] "POST /spring/board/update HTTP/1.1" 404 721
0:0:0:0:0:0:0:1 - - [13/Sep/2024:12:46:14 +0900] "POST /spring/board/updateForm HTTP/1.1" 200 8844
0:0:0:0:0:0:0:1 - - [13/Sep/2024:12:46:16 +0900] "POST /spring/board/update HTTP/1.1" 404 721
0:0:0:0:0:0:0:1 - - [13/Sep/2024:12:46:18 +0900] "POST /spring/board/update HTTP/1.1" 404 721
0:0:0:0:0:0:0:1 - - [13/Sep/2024:12:46:50 +0900] "POST /spring/board/update HTTP/1.1" 404 721
127.0.0.1 - - [13/Sep/2024:12:47:25 +0900] "GET / HTTP/1.1" 404 807
0:0:0:0:0:0:0:1 - - [13/Sep/2024:12:47:26 +0900] "POST /spring/board/update HTTP/1.1" 404 818
0:0:0:0:0:0:0:1 - - [13/Sep/2024:12:47:31 +0900] "GET /spring HTTP/1.1" 302 -
0:0:0:0:0:0:0:1 - - [13/Sep/2024:12:47:31 +0900] "GET /spring/ HTTP/1.1" 200 6123
0:0:0:0:0:0:0:1 - - [13/Sep/2024:12:47:36 +0900] "POST /spring/member/login HTTP/1.1" 302 -
0:0:0:0:0:0:0:1 - - [13/Sep/2024:12:47:36 +0900] "GET /spring/ HTTP/1.1" 200 6113
0:0:0:0:0:0:0:1 - - [13/Sep/2024:12:47:37 +0900] "GET /spring/board/list HTTP/1.1" 200 12452
0:0:0:0:0:0:0:1 - - [13/Sep/2024:12:47:38 +0900] "GET /spring/board/detail?bno=16 HTTP/1.1" 200 10037
0:0:0:0:0:0:0:1 - - [13/Sep/2024:12:47:41 +0900] "POST /spring/board/updateForm HTTP/1.1" 200 8834
0:0:0:0:0:0:0:1 - - [13/Sep/2024:12:47:54 +0900] "POST /spring/board/update HTTP/1.1" 404 818
0:0:0:0:0:0:0:1 - - [13/Sep/2024:14:48:45 +0900] "GET /spring/board/detail?bno=16 HTTP/1.1" 200 9861
0:0:0:0:0:0:0:1 - - [13/Sep/2024:14:48:46 +0900] "GET /spring/board/detail?bno=16 HTTP/1.1" 200 9861
0:0:0:0:0:0:0:1 - - [13/Sep/2024:15:35:44 +0900] "GET /spring/board/detail?bno=15 HTTP/1.1" 200 9843
0:0:0:0:0:0:0:1 - - [13/Sep/2024:18:24:34 +0900] "POST /spring/board/update HTTP/1.1" 404 818
0:0:0:0:0:0:0:1 - - [13/Sep/2024:18:24:37 +0900] "GET /spring/board HTTP/1.1" 404 721
